// Jest Snapshot v1, https://goo.gl/fbAQLP

exports[`renders Profile unchanged 1`] = `
<div>
  <div
    class="container"
  >
    <div
      class="profile"
    >
      <div>
        <span
          style="box-sizing: border-box; display: inline-block; overflow: hidden; background: none; opacity: 1; border: 0px; margin: 0px; padding: 0px; position: relative; max-width: 100%;"
        >
          <span
            style="box-sizing: border-box; display: block; background: none; opacity: 1; border: 0px; margin: 0px; padding: 0px; max-width: 100%;"
          >
            <img
              alt=""
              aria-hidden="true"
              src="data:image/svg+xml,%3csvg%20xmlns=%27http://www.w3.org/2000/svg%27%20version=%271.1%27%20width=%2780%27%20height=%2780%27/%3e"
              style="display: block; max-width: 100%; background: none; opacity: 1; border: 0px; margin: 0px; padding: 0px;"
            />
          </span>
          <img
            alt="profile-picture"
            data-nimg="intrinsic"
            decoding="async"
            src="data:image/gif;base64,R0lGODlhAQABAIAAAAAAAP///yH5BAEAAAAALAAAAAABAAEAAAIBRAA7"
            style="border-radius: 50%; position: absolute; top: 0px; left: 0px; bottom: 0px; right: 0px; box-sizing: border-box; padding: 0px; margin: auto; display: block; width: 0px; height: 0px; min-width: 100%; max-width: 100%; min-height: 100%; max-height: 100%; object-fit: cover; background-size: cover; background-position: 0% 0%; filter: blur(20px); background-image: url(data:image/gif;base64,R0lGODlhAQABAPAAAL29vf///yH5BAAAAAAALAAAAAABAAEAAAICRAEAOw==);"
          />
          <noscript />
        </span>
      </div>
      <div
        class="identityContainer"
      >
        <div
          class="info"
        >
          <div
            class="label"
          >
            Verified Creator
          </div>
          <div
            class="content"
          >
            Samantha William
          </div>
        </div>
        <div
          class="stats"
        >
          <div
            class="info"
          >
            <div
              class="label"
            >
              Following
            </div>
            <div
              class="content"
            >
              9,998
            </div>
          </div>
          <div
            class="info"
          >
            <div
              class="label"
            >
              Follower
            </div>
            <div
              class="content"
            >
              99.8rb
            </div>
          </div>
        </div>
      </div>
    </div>
    <div
      class="description"
    >
      Yuk follow aku biar kita streaming game bareng setiap hari senin & jumat jam 10 AM - 3 PM. Jangan lupa follow IG aku juga ya @Sam_will
    </div>
    <button
      class="button"
      data-testid="button"
    >
      Follow
    </button>
  </div>
</div>
`;
