// Jest Snapshot v1, https://goo.gl/fbAQLP

exports[`Snapshot Thumbnail renders SkeletonThumbnail unchanged 1`] = `
<div>
  <div
    data-testid="title"
  >
    <div
      class="skeleton"
      data-testid="skeleton"
      style="height: 156px; width: 156px; border-radius: 8px;"
    />
    <div
      class="content"
    >
      <div
        class="skeleton"
        data-testid="skeleton"
        style="height: 16px; width: 96px; border-radius: 4px;"
      />
      <div
        class="skeleton"
        data-testid="skeleton"
        style="height: 24px; width: 128px; border-radius: 4px;"
      />
      <div
        class="skeleton"
        data-testid="skeleton"
        style="height: 16px; width: 96px; border-radius: 4px;"
      />
    </div>
  </div>
</div>
`;

exports[`Snapshot Thumbnail renders Thumbnail unchanged 1`] = `
<div>
  <a
    class="container"
    href="/#"
  >
    <span
      style="box-sizing: border-box; display: inline-block; overflow: hidden; background: none; opacity: 1; border: 0px; margin: 0px; padding: 0px; position: relative; max-width: 100%;"
    >
      <span
        style="box-sizing: border-box; display: block; background: none; opacity: 1; border: 0px; margin: 0px; padding: 0px; max-width: 100%;"
      >
        <img
          alt=""
          aria-hidden="true"
          src="data:image/svg+xml,%3csvg%20xmlns=%27http://www.w3.org/2000/svg%27%20version=%271.1%27%20width=%27156%27%20height=%27156%27/%3e"
          style="display: block; max-width: 100%; background: none; opacity: 1; border: 0px; margin: 0px; padding: 0px;"
        />
      </span>
      <img
        alt="profile-picture"
        data-nimg="intrinsic"
        decoding="async"
        src="data:image/gif;base64,R0lGODlhAQABAIAAAAAAAP///yH5BAEAAAAALAAAAAABAAEAAAIBRAA7"
        style="border-radius: 8px; position: absolute; top: 0px; left: 0px; bottom: 0px; right: 0px; box-sizing: border-box; padding: 0px; margin: auto; display: block; width: 0px; height: 0px; min-width: 100%; max-width: 100%; min-height: 100%; max-height: 100%; object-fit: cover; background-size: cover; background-position: 0% 0%; filter: blur(20px); background-image: url(data:image/gif;base64,R0lGODlhAQABAPAAAL29vf///yH5BAAAAAAALAAAAAABAAEAAAICRAEAOw==);"
      />
      <noscript />
    </span>
    <div
      class="content"
    >
      <div
        class="category"
      >
        Bisnis
      </div>
      <div
        class="title"
        data-testid="title"
      >
        Judul
      </div>
      <div
        class="total"
      >
        <strong>
          121212
        </strong>
         plays
      </div>
    </div>
  </a>
</div>
`;
